INFO-
INFO-		Unigraphics Version NX V2007 to AutoCAD 2004
INFO-		
INFO-
INFO-		Running UGTODXF Translator .....
INFO-
INFO-		Start of Translation: Wed Apr 22 17:26:09 2026
INFO-
STATUS-		Converting C:\Users\Robert\Downloads\stm32g474RET6 plytka\plytkaCAN-UART_step.prt
STATUS-
SUMMARY-
SUMMARY-	Summary of Unigraphics Input Entities
SUMMARY-	For Unigraphics File: C:\Users\Robert\Downloads\stm32g474RET6 plytka\plytkaCAN-UART_step.prt
SUMMARY-	------------------------------------------------------------------
SUMMARY-	Entity Type					Count
SUMMARY-	------------------------------------------------------------------
SUMMARY-	Line .....................................:	8058
SUMMARY-	Point ....................................:	3
SUMMARY-	Arc ......................................:	1238
SUMMARY-	Circle ...................................:	874
SUMMARY-	Solid Edges............................:	10170
SUMMARY-	------------------------------------------------------------------
SUMMARY-	Total ....................................:	20343
SUMMARY-	------------------------------------------------------------------
SUMMARY-
STATUS-
INFO-
INFO-		Writing File: C:\Users\Robert\Downloads\stm32g474RET6 plytka\plytkaCAN-UART_step_1.dxf
SUMMARY-	Summary of AutoCAD Output Entities
SUMMARY-	------------------------------------------------------------------
SUMMARY-	Entity Type					Count
SUMMARY-	------------------------------------------------------------------
SUMMARY-	Arc ......................................:	1238
SUMMARY-	Circle ...................................:	874
SUMMARY-	Point ....................................:	3
SUMMARY-	Line .....................................:	8058
SUMMARY-	Layout ...................................:	6
SUMMARY-	------------------------------------------------------------------
SUMMARY-	Total ....................................:	10183
SUMMARY-	------------------------------------------------------------------
SUMMARY-
INFO-
INFO-		End of Translation: Wed Apr 22 17:26:11 2026
INFO-		Translation CPU time: 0 m, 1 sINFO-
